[debug] [2025-02-10T11:48:28.913Z] ----------------------------------------------------------------------
[debug] [2025-02-10T11:48:28.916Z] Command:       C:\Program Files\nodejs\node.exe C:\Users\Ognjen\AppData\Roaming\npm\node_modules\firebase-tools\lib\bin\firebase.js deploy
[debug] [2025-02-10T11:48:28.916Z] CLI Version:   13.13.2
[debug] [2025-02-10T11:48:28.916Z] Platform:      win32
[debug] [2025-02-10T11:48:28.916Z] Node Version:  v23.5.0
[debug] [2025-02-10T11:48:28.917Z] Time:          Mon Feb 10 2025 12:48:28 GMT+0100 (Central European Standard Time)
[debug] [2025-02-10T11:48:28.917Z] ----------------------------------------------------------------------
[debug] 
[debug] [2025-02-10T11:48:28.921Z] >>> [apiv2][query] GET https://firebase-public.firebaseio.com/cli.json [none]
[debug] [2025-02-10T11:48:29.026Z] > refreshing access token with scopes: []
[debug] [2025-02-10T11:48:29.027Z] >>> [apiv2][query] POST https://www.googleapis.com/oauth2/v3/token [none]
[debug] [2025-02-10T11:48:29.027Z] >>> [apiv2][body] POST https://www.googleapis.com/oauth2/v3/token [omitted]
[debug] [2025-02-10T11:48:29.152Z] <<< [apiv2][status] POST https://www.googleapis.com/oauth2/v3/token 400
[debug] [2025-02-10T11:48:29.152Z] <<< [apiv2][body] POST https://www.googleapis.com/oauth2/v3/token [omitted]
[debug] [2025-02-10T11:48:29.154Z] > command requires scopes: ["email","openid","https://www.googleapis.com/auth/cloudplatformprojects.readonly","https://www.googleapis.com/auth/firebase","https://www.googleapis.com/auth/cloud-platform"]
[debug] [2025-02-10T11:48:29.154Z] > authorizing via signed-in user (lolagit@li.rs)
[debug] [2025-02-10T11:48:29.154Z] [iam] checking project li-lola-b4c1a for permissions ["firebase.projects.get","firebasehosting.sites.update"]
[debug] [2025-02-10T11:48:29.155Z] >>> [apiv2][query] POST https://cloudresourcemanager.googleapis.com/v1/projects/li-lola-b4c1a:testIamPermissions [none]
[debug] [2025-02-10T11:48:29.155Z] >>> [apiv2][(partial)header] POST https://cloudresourcemanager.googleapis.com/v1/projects/li-lola-b4c1a:testIamPermissions x-goog-quota-user=projects/li-lola-b4c1a
[debug] [2025-02-10T11:48:29.155Z] >>> [apiv2][body] POST https://cloudresourcemanager.googleapis.com/v1/projects/li-lola-b4c1a:testIamPermissions {"permissions":["firebase.projects.get","firebasehosting.sites.update"]}
[debug] [2025-02-10T11:48:29.315Z] <<< [apiv2][status] GET https://firebase-public.firebaseio.com/cli.json 200
[debug] [2025-02-10T11:48:29.315Z] <<< [apiv2][body] GET https://firebase-public.firebaseio.com/cli.json {"cloudBuildErrorAfter":1594252800000,"cloudBuildWarnAfter":1590019200000,"defaultNode10After":1594252800000,"minVersion":"3.0.5","node8DeploysDisabledAfter":1613390400000,"node8RuntimeDisabledAfter":1615809600000,"node8WarnAfter":1600128000000}
[debug] [2025-02-10T11:48:29.913Z] <<< [apiv2][status] POST https://cloudresourcemanager.googleapis.com/v1/projects/li-lola-b4c1a:testIamPermissions 401
[debug] [2025-02-10T11:48:29.913Z] <<< [apiv2][body] POST https://cloudresourcemanager.googleapis.com/v1/projects/li-lola-b4c1a:testIamPermissions {"error":{"code":401,"message":"Request had invalid authentication credentials. Expected OAuth 2 access token, login cookie or other valid authentication credential. See https://developers.google.com/identity/sign-in/web/devconsole-project.","status":"UNAUTHENTICATED","details":[{"@type":"type.googleapis.com/google.rpc.ErrorInfo","reason":"ACCESS_TOKEN_TYPE_UNSUPPORTED","metadata":{"method":"google.cloudresourcemanager.v1.Projects.TestIamPermissions","service":"cloudresourcemanager.googleapis.com"}}]}}
[debug] [2025-02-10T11:48:29.914Z] [iam] error while checking permissions, command may fail: FirebaseError: HTTP Error: 401, Request had invalid authentication credentials. Expected OAuth 2 access token, login cookie or other valid authentication credential. See https://developers.google.com/identity/sign-in/web/devconsole-project.
[debug] [2025-02-10T11:48:29.915Z] >>> [apiv2][query] GET https://firebase.googleapis.com/v1beta1/projects/li-lola-b4c1a [none]
[debug] [2025-02-10T11:48:30.048Z] <<< [apiv2][status] GET https://firebase.googleapis.com/v1beta1/projects/li-lola-b4c1a 401
[debug] [2025-02-10T11:48:30.049Z] <<< [apiv2][body] GET https://firebase.googleapis.com/v1beta1/projects/li-lola-b4c1a {"error":{"code":401,"message":"Request had invalid authentication credentials. Expected OAuth 2 access token, login cookie or other valid authentication credential. See https://developers.google.com/identity/sign-in/web/devconsole-project.","status":"UNAUTHENTICATED"}}
[debug] [2025-02-10T11:48:30.049Z] HTTP Error: 401, Request had invalid authentication credentials. Expected OAuth 2 access token, login cookie or other valid authentication credential. See https://developers.google.com/identity/sign-in/web/devconsole-project.
[error] 
[error] Error: Assertion failed: resolving hosting target of a site with no site name or target name. This should have caused an error earlier
[debug] [2025-02-10T11:50:03.479Z] ----------------------------------------------------------------------
[debug] [2025-02-10T11:50:03.481Z] Command:       C:\Program Files\nodejs\node.exe C:\Users\Ognjen\AppData\Roaming\npm\node_modules\firebase-tools\lib\bin\firebase.js deploy
[debug] [2025-02-10T11:50:03.482Z] CLI Version:   13.30.0
[debug] [2025-02-10T11:50:03.482Z] Platform:      win32
[debug] [2025-02-10T11:50:03.482Z] Node Version:  v23.5.0
[debug] [2025-02-10T11:50:03.482Z] Time:          Mon Feb 10 2025 12:50:03 GMT+0100 (Central European Standard Time)
[debug] [2025-02-10T11:50:03.482Z] ----------------------------------------------------------------------
[debug] 
[debug] [2025-02-10T11:50:03.662Z] > command requires scopes: ["email","openid","https://www.googleapis.com/auth/cloudplatformprojects.readonly","https://www.googleapis.com/auth/firebase","https://www.googleapis.com/auth/cloud-platform"]
[debug] [2025-02-10T11:50:03.662Z] > authorizing via signed-in user (lolagit@li.rs)
[debug] [2025-02-10T11:50:03.662Z] [iam] checking project li-lola-b4c1a for permissions ["firebase.projects.get","firebasehosting.sites.update"]
[debug] [2025-02-10T11:50:03.663Z] Checked if tokens are valid: false, expires at: 1720794845849
[debug] [2025-02-10T11:50:03.663Z] Checked if tokens are valid: false, expires at: 1720794845849
[debug] [2025-02-10T11:50:03.664Z] > refreshing access token with scopes: []
[debug] [2025-02-10T11:50:03.665Z] >>> [apiv2][query] POST https://www.googleapis.com/oauth2/v3/token [none]
[debug] [2025-02-10T11:50:03.665Z] >>> [apiv2][body] POST https://www.googleapis.com/oauth2/v3/token [omitted]
[debug] [2025-02-10T11:50:03.804Z] <<< [apiv2][status] POST https://www.googleapis.com/oauth2/v3/token 400
[debug] [2025-02-10T11:50:03.804Z] <<< [apiv2][body] POST https://www.googleapis.com/oauth2/v3/token [omitted]
[debug] [2025-02-10T11:50:03.804Z] >>> [apiv2][query] POST https://cloudresourcemanager.googleapis.com/v1/projects/li-lola-b4c1a:testIamPermissions [none]
[debug] [2025-02-10T11:50:03.804Z] >>> [apiv2][(partial)header] POST https://cloudresourcemanager.googleapis.com/v1/projects/li-lola-b4c1a:testIamPermissions x-goog-quota-user=projects/li-lola-b4c1a
[debug] [2025-02-10T11:50:03.804Z] >>> [apiv2][body] POST https://cloudresourcemanager.googleapis.com/v1/projects/li-lola-b4c1a:testIamPermissions {"permissions":["firebase.projects.get","firebasehosting.sites.update"]}
[debug] [2025-02-10T11:50:04.543Z] <<< [apiv2][status] POST https://cloudresourcemanager.googleapis.com/v1/projects/li-lola-b4c1a:testIamPermissions 401
[debug] [2025-02-10T11:50:04.543Z] <<< [apiv2][body] POST https://cloudresourcemanager.googleapis.com/v1/projects/li-lola-b4c1a:testIamPermissions {"error":{"code":401,"message":"Request had invalid authentication credentials. Expected OAuth 2 access token, login cookie or other valid authentication credential. See https://developers.google.com/identity/sign-in/web/devconsole-project.","status":"UNAUTHENTICATED","details":[{"@type":"type.googleapis.com/google.rpc.ErrorInfo","reason":"ACCESS_TOKEN_TYPE_UNSUPPORTED","metadata":{"method":"google.cloudresourcemanager.v1.Projects.TestIamPermissions","service":"cloudresourcemanager.googleapis.com"}}]}}
[debug] [2025-02-10T11:50:04.543Z] Got a 401 Unauthenticated error for a call that required authentication. Refreshing tokens.
[debug] [2025-02-10T11:50:04.543Z] Checked if tokens are valid: false, expires at: 1720794845849
[debug] [2025-02-10T11:50:04.543Z] Checked if tokens are valid: false, expires at: 1720794845849
[debug] [2025-02-10T11:50:04.543Z] > refreshing access token with scopes: []
[debug] [2025-02-10T11:50:04.543Z] >>> [apiv2][query] POST https://www.googleapis.com/oauth2/v3/token [none]
[debug] [2025-02-10T11:50:04.543Z] >>> [apiv2][body] POST https://www.googleapis.com/oauth2/v3/token [omitted]
[debug] [2025-02-10T11:50:04.591Z] <<< [apiv2][status] POST https://www.googleapis.com/oauth2/v3/token 400
[debug] [2025-02-10T11:50:04.591Z] <<< [apiv2][body] POST https://www.googleapis.com/oauth2/v3/token [omitted]
[debug] [2025-02-10T11:50:04.591Z] [iam] error while checking permissions, command may fail: Request to https://cloudresourcemanager.googleapis.com/v1/projects/li-lola-b4c1a:testIamPermissions had HTTP Error: 401, Request had invalid authentication credentials. Expected OAuth 2 access token, login cookie or other valid authentication credential. See https://developers.google.com/identity/sign-in/web/devconsole-project.
[debug] [2025-02-10T11:50:04.592Z] Checked if tokens are valid: false, expires at: 1720794845849
[debug] [2025-02-10T11:50:04.592Z] Checked if tokens are valid: false, expires at: 1720794845849
[debug] [2025-02-10T11:50:04.592Z] > refreshing access token with scopes: []
[debug] [2025-02-10T11:50:04.592Z] >>> [apiv2][query] POST https://www.googleapis.com/oauth2/v3/token [none]
[debug] [2025-02-10T11:50:04.592Z] >>> [apiv2][body] POST https://www.googleapis.com/oauth2/v3/token [omitted]
[debug] [2025-02-10T11:50:04.633Z] <<< [apiv2][status] POST https://www.googleapis.com/oauth2/v3/token 400
[debug] [2025-02-10T11:50:04.633Z] <<< [apiv2][body] POST https://www.googleapis.com/oauth2/v3/token [omitted]
[debug] [2025-02-10T11:50:04.633Z] >>> [apiv2][query] GET https://firebase.googleapis.com/v1beta1/projects/li-lola-b4c1a [none]
[debug] [2025-02-10T11:50:04.747Z] <<< [apiv2][status] GET https://firebase.googleapis.com/v1beta1/projects/li-lola-b4c1a 401
[debug] [2025-02-10T11:50:04.747Z] <<< [apiv2][body] GET https://firebase.googleapis.com/v1beta1/projects/li-lola-b4c1a {"error":{"code":401,"message":"Request had invalid authentication credentials. Expected OAuth 2 access token, login cookie or other valid authentication credential. See https://developers.google.com/identity/sign-in/web/devconsole-project.","status":"UNAUTHENTICATED"}}
[debug] [2025-02-10T11:50:04.748Z] Got a 401 Unauthenticated error for a call that required authentication. Refreshing tokens.
[debug] [2025-02-10T11:50:04.748Z] Checked if tokens are valid: false, expires at: 1720794845849
[debug] [2025-02-10T11:50:04.748Z] Checked if tokens are valid: false, expires at: 1720794845849
[debug] [2025-02-10T11:50:04.748Z] > refreshing access token with scopes: []
[debug] [2025-02-10T11:50:04.748Z] >>> [apiv2][query] POST https://www.googleapis.com/oauth2/v3/token [none]
[debug] [2025-02-10T11:50:04.748Z] >>> [apiv2][body] POST https://www.googleapis.com/oauth2/v3/token [omitted]
[debug] [2025-02-10T11:50:04.793Z] <<< [apiv2][status] POST https://www.googleapis.com/oauth2/v3/token 400
[debug] [2025-02-10T11:50:04.793Z] <<< [apiv2][body] POST https://www.googleapis.com/oauth2/v3/token [omitted]
[debug] [2025-02-10T11:50:04.794Z] Request to https://firebase.googleapis.com/v1beta1/projects/li-lola-b4c1a had HTTP Error: 401, Request had invalid authentication credentials. Expected OAuth 2 access token, login cookie or other valid authentication credential. See https://developers.google.com/identity/sign-in/web/devconsole-project.
[error] 
[error] Error: Assertion failed: resolving hosting target of a site with no site name or target name. This should have caused an error earlier
